// Vitest Snapshot v1, https://vitest.dev/guide/snapshot.html

exports[`StatsGrid > matches snapshot 1`] = `
<div>
  <div
    class="stats-grid"
  >
    <div
      class="stat"
    >
      <span
        class="stat-label"
      >
        Status
      </span>
      <span
        class="stat-value"
      >
        Running
      </span>
    </div>
    <div
      class="stat"
    >
      <span
        class="stat-label"
      >
        Players
      </span>
      <span
        class="stat-value"
      >
        5/20
      </span>
    </div>
    <div
      class="stat"
    >
      <span
        class="stat-label"
      >
        Uptime
      </span>
      <span
        class="stat-value"
      >
        3h 45m
      </span>
    </div>
    <div
      class="stat"
    >
      <span
        class="stat-label"
      >
        IP
      </span>
      <span
        class="stat-value"
      >
        192.168.1.1
      </span>
    </div>
  </div>
</div>
`;
