// Vitest Snapshot v1, https://vitest.dev/guide/snapshot.html

exports[`Layout > matches snapshot 1`] = `
<div>
  <div
    class="dark min-h-screen bg-background p-8"
  >
    <div
      class="container"
    >
      <h1>
        Test Page
      </h1>
      <p>
        Page content goes here
      </p>
    </div>
  </div>
</div>
`;
